// Jest Snapshot v1, https://goo.gl/fbAQLP

exports[`Given the Faction Picker Component should render correctly 1`] = `
<View
  style={
    Object {
      "alignItems": "center",
      "flexDirection": "row",
      "margin": 10,
    }
  }
>
  <View
    style={
      Object {
        "overflow": "hidden",
      }
    }
  >
    <View>
      <View
        style={
          Object {
            "alignItems": "center",
            "backgroundColor": "transparent",
            "justifyContent": "center",
          }
        }
      >
        <Text />
      </View>
    </View>
  </View>
  <View
    style={
      Object {
        "flex": 1,
        "fontSize": 18,
        "marginHorizontal": 10,
      }
    }
  >
    <RNCPicker
      items={
        Array [
          Object {
            "label": "Unaligned",
            "textColor": undefined,
            "value": "Unaligned",
          },
          Object {
            "label": "Imperium",
            "textColor": undefined,
            "value": "Imperium",
          },
          Object {
            "label": "Chaos",
            "textColor": undefined,
            "value": "Chaos",
          },
          Object {
            "label": "Aeldari",
            "textColor": undefined,
            "value": "Aeldari",
          },
          Object {
            "label": "Tyranids",
            "textColor": undefined,
            "value": "Tyranids",
          },
          Object {
            "label": "Orks",
            "textColor": undefined,
            "value": "Orks",
          },
          Object {
            "label": "Necrons",
            "textColor": undefined,
            "value": "Necrons",
          },
          Object {
            "label": "T'au Empire",
            "textColor": undefined,
            "value": "T'au Empire",
          },
        ]
      }
      onChange={[Function]}
      selectedIndex={3}
      style={
        Array [
          Object {
            "height": 216,
          },
          undefined,
        ]
      }
      testID="faction-picker"
    />
  </View>
</View>
`;
