// Jest Snapshot v1, https://goo.gl/fbAQLP

exports[`Given the Loading component should render correctly 1`] = `
<View
  style={
    Object {
      "alignItems": "center",
      "flex": 1,
    }
  }
>
  <Image
    source={1}
    style={
      Object {
        "flex": 1,
        "resizeMode": "contain",
        "width": "60%",
      }
    }
  />
</View>
`;
